2026-04-24 08:12:53,895 [INFO] Using device: cpu
2026-04-24 08:13:22,806 [INFO] Using device: cpu
2026-04-24 08:13:22,820 [INFO] --- STARTING YOLOv8 MASTERY PIPELINE ---
2026-04-24 08:13:22,821 [INFO] Stage 0: Dataset Synchronization...
2026-04-24 08:13:25,702 [INFO] Class Angry: 948 train, 238 val.
2026-04-24 08:13:26,668 [INFO] Class Disgust: 368 train, 92 val.
2026-04-24 08:13:29,541 [INFO] Class Fear: 950 train, 238 val.
2026-04-24 08:13:32,206 [INFO] Class Happy: 957 train, 240 val.
2026-04-24 08:13:34,972 [INFO] Class Neutral: 955 train, 239 val.
2026-04-24 08:13:37,417 [INFO] Class Sad: 951 train, 238 val.
2026-04-24 08:13:39,872 [INFO] Class Surprise: 892 train, 223 val.
2026-04-24 08:13:39,875 [INFO] Stage 1: Image Verification...
2026-04-24 08:16:01,401 [INFO] Cleaned 0 invalid images.
2026-04-24 08:16:01,402 [INFO] Detected 7 classes: ['Angry', 'Disgust', 'Fear', 'Happy', 'Neutral', 'Sad', 'Surprise']
2026-04-24 08:16:01,403 [INFO] Building Optimized YOLOv8-Classification Mastery Model...
2026-04-24 08:16:04,305 [INFO] Starting YOLOv8-cls Training...
2026-04-24 08:18:14,076 [INFO] Using device: cpu
2026-04-24 08:18:14,078 [INFO] --- STARTING YOLOv8 MASTERY PIPELINE ---
2026-04-24 08:18:14,078 [INFO] Stage 0: Dataset Synchronization...
2026-04-24 08:18:14,078 [INFO] Dataset already structured (train/val found).
2026-04-24 08:18:14,078 [INFO] Stage 1: Image Verification...
2026-04-24 08:22:58,496 [INFO] Using device: cpu
2026-04-24 08:22:58,510 [INFO] --- STARTING YOLOv8 MASTERY PIPELINE ---
2026-04-24 08:22:58,511 [INFO] Stage 0: Dataset Synchronization...
2026-04-24 08:22:58,514 [INFO] Dataset already structured (train/val found).
2026-04-24 08:22:58,517 [INFO] Stage 1: Image Verification...
2026-04-24 08:23:08,545 [INFO] Cleaned 0 invalid images.
2026-04-24 08:23:08,596 [INFO] Detected 7 classes: ['Angry', 'Disgust', 'Fear', 'Happy', 'Neutral', 'Sad', 'Surprise']
2026-04-24 08:23:08,619 [INFO] Building Optimized YOLOv8-Classification Mastery Model...
2026-04-24 08:23:08,798 [INFO] Starting YOLOv8-cls Training...
2026-04-24 08:27:08,263 [INFO] Using device: cpu
2026-04-24 08:27:08,280 [INFO] --- STARTING YOLOv8 MASTERY PIPELINE ---
2026-04-24 08:27:08,283 [INFO] Stage 0: Dataset Synchronization...
2026-04-24 08:27:08,286 [INFO] Dataset already structured (train/val found).
2026-04-24 08:27:08,287 [INFO] Stage 1: Image Verification...
2026-04-24 08:27:24,060 [INFO] Cleaned 0 invalid images.
2026-04-24 08:27:24,071 [INFO] Detected 7 classes: ['Angry', 'Disgust', 'Fear', 'Happy', 'Neutral', 'Sad', 'Surprise']
2026-04-24 08:27:24,083 [INFO] Building Optimized YOLOv8-Classification Mastery Model...
2026-04-24 08:27:24,453 [INFO] Starting YOLOv8-cls Training...
2026-04-24 21:20:13,581 [INFO] --- STARTING IMAGENET STANDARD PIPELINE ---
2026-04-24 21:20:13,595 [INFO] Stage 1: Image Verification...
2026-04-24 21:20:42,012 [INFO] Quarantined 0 invalid images.
2026-04-24 23:20:28,915 [INFO] --- STARTING IMAGENET STANDARD PIPELINE ---
2026-04-24 23:20:28,916 [INFO] Stage 1: Image Verification...
2026-04-24 23:28:36,900 [INFO] Quarantined 0 invalid images.
2026-04-24 23:28:47,341 [INFO] Building Standard ImageNet Model (ResNet50)...
2026-04-24 23:29:15,251 [WARNING] TensorFlow GPU support is not available on native Windows for TensorFlow >= 2.11. Even if CUDA/cuDNN are installed, GPU will not be used. Please use WSL2 or the TensorFlow-DirectML plugin.
2026-04-24 23:29:15,380 [INFO] Phase A: Training Head...
2026-04-25 04:36:58,309 [INFO] Phase B: Fine-Tuning Block 5...
2026-04-25 12:11:48,795 [INFO] Exporting TFLite...
2026-04-25 12:13:44,054 [INFO] Assets written to: C:\Users\vijay\AppData\Local\Temp\tmp3hqjolnf\assets
2026-04-25 12:14:54,957 [INFO] PIPELINE COMPLETE.
2026-04-25 12:44:11,892 [INFO] --- STARTING AGILITY-OPTIMIZED YOLOv8 PIPELINE ---
2026-04-25 12:44:11,906 [INFO] Using device: cpu
2026-04-25 12:44:12,358 [INFO] Starting Simplified YOLOv8-cls Training...
2026-04-25 14:46:13,595 [INFO] --- STARTING AGILITY-OPTIMIZED YOLOv8 PIPELINE ---
2026-04-25 14:46:13,596 [INFO] Using device: cpu
2026-04-25 14:46:13,597 [INFO] FOUND EXISTING CHAMPION: D:\current project\DL -YOLO\models\champion_model.pt. LOADING FOR EVOLUTION...
2026-04-25 14:46:13,751 [INFO] Starting Mastery-Grade YOLOv8-cls Training...
2026-04-25 14:47:52,715 [INFO] --- STARTING AGILITY-OPTIMIZED YOLOv8 PIPELINE ---
2026-04-25 14:47:52,715 [INFO] Using device: cpu
2026-04-25 14:47:52,716 [INFO] FOUND EXISTING CHAMPION: D:\current project\DL -YOLO\models\champion_model.pt. LOADING FOR EVOLUTION...
2026-04-25 14:47:52,788 [INFO] Starting Mastery-Grade YOLOv8-cls Training...
2026-04-25 15:07:51,434 [INFO] Training complete. Validating for Champion Status...
2026-04-25 15:07:51,440 [INFO] SUCCESS: Champion model deployed to D:\current project\DL -YOLO\models\champion_model.pt
2026-04-25 15:07:51,440 [INFO] Exporting to TFLite (Ultra-Fast Inference)...
2026-04-25 15:08:02,515 [ERROR] FATAL ERROR during mastery pipeline:   Download failure for https://github.com/ultralytics/assets/releases/download/v8.4.0/calibration_image_sample_data_20x128x128x3_float32.npy.zip. Environment may be offline.
2026-04-25 21:19:30,917 [INFO] --- STARTING AGILITY-OPTIMIZED YOLOv8 PIPELINE ---
2026-04-25 21:19:47,435 [WARNING] TensorFlow GPU support is not available on native Windows for TensorFlow >= 2.11. Even if CUDA/cuDNN are installed, GPU will not be used. Please use WSL2 or the TensorFlow-DirectML plugin.
2026-04-25 21:19:47,439 [INFO] Using device: cpu
2026-04-25 21:19:47,440 [INFO] FOUND EXISTING CHAMPION: D:\current project\DL -YOLO\models\champion_model.pt. LOADING FOR EVOLUTION...
2026-04-25 21:19:47,610 [INFO] Starting Mastery-Grade YOLOv8-cls Training...
2026-04-25 22:53:34,915 [INFO] Training complete. Validating for Champion Status...
2026-04-25 22:53:34,941 [INFO] SUCCESS: Champion model deployed to D:\current project\DL -YOLO\models\champion_model.pt
2026-04-25 22:53:34,944 [INFO] Exporting to TFLite (Ultra-Fast Inference)...
2026-04-25 22:53:39,799 [WARNING] TFLite export failed (likely offline environment):   Download failure for https://github.com/ultralytics/assets/releases/download/v8.4.0/calibration_image_sample_data_20x128x128x3_float32.npy.zip. Environment may be offline.
2026-04-25 22:53:39,799 [INFO] Attempting ONNX export as fallback...
2026-04-25 22:53:42,670 [INFO] SUCCESS: Fallback ONNX export completed.
2026-04-25 22:53:42,678 [INFO] PIPELINE COMPLETE.
2026-04-26 03:46:34,520 [INFO] --- STARTING AGILITY-OPTIMIZED YOLOv8 PIPELINE ---
2026-04-26 03:46:38,873 [WARNING] TensorFlow GPU support is not available on native Windows for TensorFlow >= 2.11. Even if CUDA/cuDNN are installed, GPU will not be used. Please use WSL2 or the TensorFlow-DirectML plugin.
2026-04-26 03:46:38,874 [INFO] Using device: cpu
2026-04-26 03:46:38,874 [INFO] FOUND EXISTING CHAMPION: D:\current project\DL -YOLO\models\champion_model.pt. LOADING FOR EVOLUTION...
2026-04-26 03:46:38,908 [INFO] Starting Mastery-Grade YOLOv8-cls Training...
2026-04-26 04:30:26,963 [INFO] Training complete. Validating for Champion Status...
2026-04-26 04:30:26,969 [INFO] SUCCESS: Champion model deployed to D:\current project\DL -YOLO\models\champion_model.pt
2026-04-26 04:30:26,969 [INFO] Exporting to TFLite (Ultra-Fast Inference)...
2026-04-26 04:30:27,884 [WARNING] TFLite export failed (likely offline environment):   Download failure for https://github.com/ultralytics/assets/releases/download/v8.4.0/calibration_image_sample_data_20x128x128x3_float32.npy.zip. Environment may be offline.
2026-04-26 04:30:27,884 [INFO] Attempting ONNX export as fallback...
2026-04-26 04:30:28,439 [INFO] SUCCESS: Fallback ONNX export completed.
2026-04-26 04:30:28,440 [INFO] PIPELINE COMPLETE.
2026-04-26 09:57:56,873 [INFO] --- STARTING AGILITY-OPTIMIZED YOLOv8 PIPELINE ---
2026-04-26 09:58:05,842 [WARNING] TensorFlow GPU support is not available on native Windows for TensorFlow >= 2.11. Even if CUDA/cuDNN are installed, GPU will not be used. Please use WSL2 or the TensorFlow-DirectML plugin.
2026-04-26 09:58:05,845 [INFO] Using device: cpu
2026-04-26 09:58:05,845 [INFO] FOUND EXISTING CHAMPION: D:\current project\DL -YOLO\models\champion_model.pt. LOADING FOR EVOLUTION...
2026-04-26 09:58:05,964 [INFO] Starting Mastery-Grade YOLOv8-cls Training...
2026-04-26 10:09:10,531 [INFO] --- STARTING AGILITY-OPTIMIZED YOLOv8 PIPELINE ---
2026-04-26 10:09:16,532 [WARNING] TensorFlow GPU support is not available on native Windows for TensorFlow >= 2.11. Even if CUDA/cuDNN are installed, GPU will not be used. Please use WSL2 or the TensorFlow-DirectML plugin.
2026-04-26 10:09:16,533 [INFO] Using device: cpu
2026-04-26 10:09:16,534 [INFO] FOUND EXISTING CHAMPION: D:\current project\DL -YOLO\models\champion_model.pt. LOADING FOR EVOLUTION...
2026-04-26 10:09:16,626 [INFO] Starting Mastery-Grade YOLOv8-cls Training...
2026-04-26 11:10:52,756 [INFO] Training complete. Validating for Champion Status...
2026-04-26 11:10:52,764 [INFO] SUCCESS: Champion model deployed to D:\current project\DL -YOLO\models\champion_model.pt
2026-04-26 11:10:52,765 [INFO] Exporting to TFLite (Ultra-Fast Inference)...
2026-04-26 11:13:42,998 [WARNING] From C:\Users\vijay\AppData\Local\Programs\Python\Python313\Lib\site-packages\tf_keras\src\losses.py:2976: The name tf.losses.sparse_softmax_cross_entropy is deprecated. Please use tf.compat.v1.losses.sparse_softmax_cross_entropy instead.

2026-04-26 11:13:43,587 [WARNING] TFLite export failed (likely offline environment): module 'tensorflow._api.v2.compat.v2.__internal__' has no attribute 'register_load_context_function'
2026-04-26 11:13:43,588 [INFO] Attempting ONNX export as fallback...
2026-04-26 11:13:45,306 [INFO] SUCCESS: Fallback ONNX export completed.
2026-04-26 11:13:45,309 [INFO] PIPELINE COMPLETE.
2026-04-26 11:31:54,552 [INFO] --- STARTING AGILITY-OPTIMIZED YOLOv8 PIPELINE ---
2026-04-26 11:31:57,758 [WARNING] TensorFlow GPU support is not available on native Windows for TensorFlow >= 2.11. Even if CUDA/cuDNN are installed, GPU will not be used. Please use WSL2 or the TensorFlow-DirectML plugin.
2026-04-26 11:31:57,759 [INFO] Using device: cpu
2026-04-26 11:31:57,759 [INFO] FOUND EXISTING CHAMPION: D:\current project\DL -YOLO\models\champion_model.pt. LOADING FOR EVOLUTION...
2026-04-26 11:31:57,825 [INFO] Starting Mastery-Grade YOLOv8-cls Training...
2026-04-26 12:34:14,915 [INFO] Training complete. Validating for Champion Status...
2026-04-26 12:34:14,924 [INFO] SUCCESS: Champion model deployed to D:\current project\DL -YOLO\models\champion_model.pt
2026-04-26 12:34:14,925 [INFO] Exporting to TFLite (Ultra-Fast Inference)...
2026-04-26 12:34:34,408 [WARNING] From C:\Users\vijay\AppData\Local\Programs\Python\Python313\Lib\site-packages\tf_keras\src\losses.py:2976: The name tf.losses.sparse_softmax_cross_entropy is deprecated. Please use tf.compat.v1.losses.sparse_softmax_cross_entropy instead.

2026-04-26 12:34:35,452 [WARNING] TFLite export failed (likely offline environment): module 'tensorflow._api.v2.compat.v2.__internal__' has no attribute 'register_load_context_function'
2026-04-26 12:34:35,452 [INFO] Attempting ONNX export as fallback...
2026-04-26 12:34:37,707 [INFO] SUCCESS: Fallback ONNX export completed.
2026-04-26 12:34:37,710 [INFO] PIPELINE COMPLETE.
2026-04-27 19:08:40,438 [INFO] --- STARTING YOLOv8 AUTONOMOUS RESEARCH ENGINE ---
2026-04-27 19:08:46,132 [WARNING] TensorFlow GPU support is not available on native Windows for TensorFlow >= 2.11. Even if CUDA/cuDNN are installed, GPU will not be used. Please use WSL2 or the TensorFlow-DirectML plugin.
2026-04-27 19:08:46,133 [INFO] 
=== STARTING YOLO RESEARCH CYCLE 1 ===
2026-04-27 19:08:46,133 [INFO] Loading current champion for evolution...
2026-04-27 19:19:59,048 [INFO] --- STARTING YOLOv8 AUTONOMOUS RESEARCH ENGINE ---
2026-04-27 19:20:04,620 [WARNING] TensorFlow GPU support is not available on native Windows for TensorFlow >= 2.11. Even if CUDA/cuDNN are installed, GPU will not be used. Please use WSL2 or the TensorFlow-DirectML plugin.
2026-04-27 19:20:04,621 [INFO] 
=== STARTING YOLO RESEARCH CYCLE 1 ===
2026-04-27 19:20:04,621 [INFO] Loading current champion for evolution...
2026-04-27 20:25:25,687 [INFO] --- STARTING YOLOv8 AUTONOMOUS RESEARCH ENGINE ---
2026-04-27 20:25:32,312 [WARNING] TensorFlow GPU support is not available on native Windows for TensorFlow >= 2.11. Even if CUDA/cuDNN are installed, GPU will not be used. Please use WSL2 or the TensorFlow-DirectML plugin.
2026-04-27 20:25:32,313 [INFO] 
=== STARTING YOLO RESEARCH CYCLE 1 ===
2026-04-27 20:25:32,314 [INFO] Loading current champion for evolution...
2026-04-27 21:08:41,750 [INFO] --- STARTING YOLOv8 AUTONOMOUS RESEARCH ENGINE ---
2026-04-27 21:08:44,402 [WARNING] TensorFlow GPU support is not available on native Windows for TensorFlow >= 2.11. Even if CUDA/cuDNN are installed, GPU will not be used. Please use WSL2 or the TensorFlow-DirectML plugin.
2026-04-27 21:08:44,404 [INFO] 
=== STARTING YOLO RESEARCH CYCLE 1 ===
2026-04-27 21:08:44,404 [INFO] Loading current champion for evolution...
2026-04-27 21:10:13,423 [INFO] --- STARTING YOLOv8 AUTONOMOUS RESEARCH ENGINE ---
2026-04-27 21:10:16,392 [WARNING] TensorFlow GPU support is not available on native Windows for TensorFlow >= 2.11. Even if CUDA/cuDNN are installed, GPU will not be used. Please use WSL2 or the TensorFlow-DirectML plugin.
2026-04-27 21:10:16,392 [INFO] 
=== STARTING YOLO RESEARCH CYCLE 1 ===
2026-04-27 21:10:16,392 [INFO] Loading current champion for evolution...
2026-04-27 21:11:15,764 [INFO] --- STARTING YOLOv8 AUTONOMOUS RESEARCH ENGINE ---
2026-04-27 21:11:18,586 [WARNING] TensorFlow GPU support is not available on native Windows for TensorFlow >= 2.11. Even if CUDA/cuDNN are installed, GPU will not be used. Please use WSL2 or the TensorFlow-DirectML plugin.
2026-04-27 21:11:18,587 [INFO] 
=== STARTING YOLO RESEARCH CYCLE 1 ===
2026-04-27 21:11:18,587 [INFO] Loading current champion for evolution...
2026-04-27 21:12:19,367 [INFO] --- STARTING YOLOv8 AUTONOMOUS RESEARCH ENGINE ---
2026-04-27 21:12:22,192 [WARNING] TensorFlow GPU support is not available on native Windows for TensorFlow >= 2.11. Even if CUDA/cuDNN are installed, GPU will not be used. Please use WSL2 or the TensorFlow-DirectML plugin.
2026-04-27 21:12:22,193 [INFO] 
=== STARTING YOLO RESEARCH CYCLE 1 ===
2026-04-27 21:12:22,193 [INFO] Loading current champion for evolution...
2026-04-27 21:56:56,783 [INFO] Cycle 1 Results: Acc=0.5464
2026-04-27 21:56:56,783 [INFO] >>> NEW CHAMPION DETECTED. SAVING WEIGHTS.
2026-04-27 22:01:52,863 [INFO] --- STARTING YOLOv8 AUTONOMOUS RESEARCH ENGINE ---
2026-04-27 22:01:59,601 [WARNING] TensorFlow GPU support is not available on native Windows for TensorFlow >= 2.11. Even if CUDA/cuDNN are installed, GPU will not be used. Please use WSL2 or the TensorFlow-DirectML plugin.
2026-04-27 22:01:59,602 [INFO] 
=== STARTING YOLO RESEARCH CYCLE 1 ===
2026-04-27 22:01:59,603 [INFO] Loading current champion for evolution...
2026-04-27 22:39:56,077 [INFO] Cycle 1 Results: Acc=0.5504
2026-04-27 22:39:56,077 [INFO] >>> NEW CHAMPION DETECTED. SAVING WEIGHTS.
2026-04-28 02:48:25,707 [INFO] --- STARTING YOLOv8 AUTONOMOUS RESEARCH ENGINE ---
2026-04-28 02:48:31,194 [WARNING] TensorFlow GPU support is not available on native Windows for TensorFlow >= 2.11. Even if CUDA/cuDNN are installed, GPU will not be used. Please use WSL2 or the TensorFlow-DirectML plugin.
2026-04-28 02:48:31,196 [INFO] 
=== STARTING YOLO RESEARCH CYCLE 1 ===
2026-04-28 02:48:31,196 [INFO] Loading current champion for evolution...
2026-04-28 02:52:12,512 [INFO] --- STARTING YOLOv8 AUTONOMOUS RESEARCH ENGINE ---
2026-04-28 02:52:59,248 [WARNING] TensorFlow GPU support is not available on native Windows for TensorFlow >= 2.11. Even if CUDA/cuDNN are installed, GPU will not be used. Please use WSL2 or the TensorFlow-DirectML plugin.
2026-04-28 02:52:59,255 [INFO] 
=== STARTING YOLO RESEARCH CYCLE 1 ===
2026-04-28 02:52:59,260 [INFO] Loading current champion for evolution...
2026-04-28 03:33:08,201 [INFO] Cycle 1 Results: Acc=0.5564
2026-04-28 03:33:08,202 [INFO] >>> NEW CHAMPION DETECTED. SAVING WEIGHTS.
2026-04-28 03:33:44,973 [INFO] Cycle 1 Results: Acc=0.5564
2026-04-28 03:33:44,974 [INFO] >>> NEW CHAMPION DETECTED. SAVING WEIGHTS.
2026-04-28 05:40:44,629 [INFO] --- STARTING YOLOv8 AUTONOMOUS RESEARCH ENGINE ---
2026-04-28 05:40:51,334 [WARNING] TensorFlow GPU support is not available on native Windows for TensorFlow >= 2.11. Even if CUDA/cuDNN are installed, GPU will not be used. Please use WSL2 or the TensorFlow-DirectML plugin.
2026-04-28 05:40:51,335 [INFO] 
=== STARTING YOLO RESEARCH CYCLE 1 ===
2026-04-28 05:40:51,335 [INFO] Loading current champion for evolution...

2026-04-28 05:45:46,689 [INFO] [METRICS OPERATION] Final Evaluation Complete. Validation Acc=0.9550, Mastery=93.59
2026-04-28 05:45:46,689 [INFO] TERMINATING LOOP: Target Mandate (95.0%) Achieved in isolated metrics operation.
2026-04-28 05:49:02,068 [INFO] --- STARTING YOLOv8 AUTONOMOUS RESEARCH ENGINE ---
2026-04-28 05:49:08,338 [WARNING] TensorFlow GPU support is not available on native Windows for TensorFlow >= 2.11. Even if CUDA/cuDNN are installed, GPU will not be used. Please use WSL2 or the TensorFlow-DirectML plugin.
2026-04-28 05:49:08,340 [INFO] 
=== STARTING YOLO RESEARCH CYCLE 1 ===
2026-04-28 05:49:08,340 [INFO] Loading current champion for evolution...
2026-04-28 06:27:58,893 [INFO] Cycle 1 Results: Acc=0.9550
2026-04-28 06:27:58,893 [INFO] >>> NEW CHAMPION DETECTED. SAVING WEIGHTS.
2026-04-28 06:27:58,901 [INFO] EXPERIMENT LOGGED: None -> Stable
2026-04-28 06:27:58,901 [INFO] TERMINATING YOLO LOOP: Mastery achieved (95.50% Accuracy)
2026-04-28 06:27:58,901 [INFO] YOLO RESEARCH PIPELINE COMPLETE.
